
> codenation-app@0.1.0 build
> next build

⚠ Warning: Next.js inferred your workspace root, but it may not be correct.
 We detected multiple lockfiles and selected the directory of C:\Users\HP-PC\pnpm-lock.yaml as the root directory.
 To silence this warning, set `turbopack.root` in your Next.js config, or consider removing one of the lockfiles if it's not needed.
   See https://nextjs.org/docs/app/api-reference/config/next-config-js/turbopack#root-directory for more information.
 Detected additional lockfiles: 
   * C:\Users\HP-PC\Desktop\codenation personal\package-lock.json

▲ Next.js 16.1.1 (Turbopack)

  Creating an optimized production build ...
Error: Cannot apply unknown utility class `border-border`. Are you using CSS modules or similar and missing `@reference`? https://tailwindcss.com/docs/functions-and-directives#reference-directive
    [2m[at onInvalidCandidate (C:\Users\HP-PC\Desktop\codenation personal\node_modules\tailwindcss\dist\lib.js:21:1314)][0m
    [2m[at Te (C:\Users\HP-PC\Desktop\codenation personal\node_modules\tailwindcss\dist\lib.js:16:36652)][0m
    [2m[at C:\Users\HP-PC\Desktop\codenation personal\node_modules\tailwindcss\dist\lib.js:21:355][0m
    [2m[at Rr (C:\Users\HP-PC\Desktop\codenation personal\node_modules\tailwindcss\dist\lib.js:3:1718)][0m
    [2m[at _ (C:\Users\HP-PC\Desktop\codenation personal\node_modules\tailwindcss\dist\lib.js:3:1377)][0m
    [2m[at $e (C:\Users\HP-PC\Desktop\codenation personal\node_modules\tailwindcss\dist\lib.js:21:172)][0m
    [2m[at un (C:\Users\HP-PC\Desktop\codenation personal\node_modules\tailwindcss\dist\lib.js:38:294)][0m
    [2m[at process.processTicksAndRejections (node:internal/process/task_queues:103:5)][0m
    [2m[at async cn (C:\Users\HP-PC\Desktop\codenation personal\node_modules\tailwindcss\dist\lib.js:38:631)][0m
    [2m[at async Xr (C:\Users\HP-PC\Desktop\codenation personal\node_modules\@tailwindcss\node\dist\index.js:10:3417)][0m

> Build error occurred
Error: Turbopack build failed with 1 errors:
./Desktop/codenation personal/src/app/globals.css
Error evaluating Node.js code
CssSyntaxError: tailwindcss: C:\Users\HP-PC\Desktop\codenation personal\src\app\globals.css:1:1: Cannot apply unknown utility class `border-border`. Are you using CSS modules or similar and missing `@reference`? https://tailwindcss.com/docs/functions-and-directives#reference-directive
    at Input.error (Desktop/codenation personal/node_modules/postcss/lib/input.js:135:16) [C:\Users\HP-PC\Desktop\codenation personal\.next\build\chunks\adac5_e799bcf5._.js:4651:22]
    at Root.error (Desktop/codenation personal/node_modules/postcss/lib/node.js:146:32) [C:\Users\HP-PC\Desktop\codenation personal\.next\build\chunks\adac5_e799bcf5._.js:928:38]
    [at Object.Once (C:\Users\HP-PC\Desktop\codenation personal\node_modules\@tailwindcss\postcss\dist\index.js:10:6911)]
    [at process.processTicksAndRejections (node:internal/process/task_queues:103:5)]
    at async LazyResult.runAsync (Desktop/codenation personal/node_modules/postcss/lib/lazy-result.js:293:11) [C:\Users\HP-PC\Desktop\codenation personal\.next\build\chunks\adac5_e799bcf5._.js:6206:21]
    at async transform (turbopack:///[turbopack-node]/transforms/postcss.ts:70:34) [C:\Users\HP-PC\Desktop\codenation personal\.next\build\chunks\[root-of-the-server]__564cbb04._.js:146:36]
    at async run (turbopack:///[turbopack-node]/ipc/evaluate.ts:92:23) [C:\Users\HP-PC\Desktop\codenation personal\.next\build\chunks\[root-of-the-server]__0f612c91._.js:443:31]

Import trace:
  Client Component Browser:
    ./Desktop/codenation personal/src/app/globals.css [Client Component Browser]
    ./Desktop/codenation personal/src/app/layout.tsx [Server Component]


    at async transform (turbopack:///[turbopack-node]/transforms/postcss.ts:70:34) [C:\Users\HP-PC\Desktop\codenation personal\.next\build\chunks\[root-of-the-server]__564cbb04._.js:146:36])
    at async run (turbopack:///[turbopack-node]/ipc/evaluate.ts:92:23) [C:\Users\HP-PC\Desktop\codenation personal\.next\build\chunks\[root-of-the-server]__0f612c91._.js:443:31])
